// Jest Snapshot v1, https://goo.gl/fbAQLP

exports[`renders the component 1`] = `
<BrowserRouter>
  <WithStyles(ForwardRef(AppBar))
    position="static"
  >
    <WithStyles(ForwardRef(Toolbar))>
      <WithStyles(ForwardRef(Grid))
        item={true}
        xs={12}
      >
        <WithStyles(ForwardRef(Grid))
          container={true}
          justify="center"
          spacing={2}
        >
          <WithStyles(ForwardRef(Grid))
            item={true}
          >
            <WithStyles(ForwardRef(Typography))
              variant="h6"
            >
              <img
                alt="logo"
                className="logo"
                src="logo.png"
              />
            </WithStyles(ForwardRef(Typography))>
          </WithStyles(ForwardRef(Grid))>
        </WithStyles(ForwardRef(Grid))>
      </WithStyles(ForwardRef(Grid))>
      <WithStyles(ForwardRef(Button))
        color="inherit"
      >
        Login
      </WithStyles(ForwardRef(Button))>
    </WithStyles(ForwardRef(Toolbar))>
  </WithStyles(ForwardRef(AppBar))>
  <WithStyles(ForwardRef(Toolbar))>
    <WithStyles(ForwardRef(Grid))
      item={true}
      xs={12}
    >
      <WithStyles(ForwardRef(Grid))
        container={true}
        justify="center"
        spacing={2}
      >
        <WithStyles(ForwardRef(Grid))
          item={true}
        >
          <WithStyles(ForwardRef(Typography))
            variant="h6"
          >
            <Link
              to="/"
            >
              Home
            </Link>
          </WithStyles(ForwardRef(Typography))>
        </WithStyles(ForwardRef(Grid))>
        <WithStyles(ForwardRef(Grid))
          item={true}
        >
          <WithStyles(ForwardRef(Typography))
            variant="h6"
          >
            <Link
              to="/about"
            >
              About
            </Link>
          </WithStyles(ForwardRef(Typography))>
        </WithStyles(ForwardRef(Grid))>
        <WithStyles(ForwardRef(Grid))
          item={true}
        >
          <WithStyles(ForwardRef(Typography))
            variant="h6"
          >
            <Link
              to="/dashboard"
            >
              Dashboard
            </Link>
          </WithStyles(ForwardRef(Typography))>
        </WithStyles(ForwardRef(Grid))>
      </WithStyles(ForwardRef(Grid))>
    </WithStyles(ForwardRef(Grid))>
  </WithStyles(ForwardRef(Toolbar))>
  <Switch>
    <Route
      exact={true}
      path="/"
    >
      <Home />
    </Route>
    <Route
      path="/about"
    >
      <About />
    </Route>
    <Route
      path="/dashboard"
    >
      <Dashboard />
    </Route>
  </Switch>
</BrowserRouter>
`;
